// Vitest Snapshot v1, https://vitest.dev/guide/snapshot.html

exports[`markdown render · 代码/引用/标题/内联 > typescript 代码块 (左竖条) 1`] = `
"typescript
▎ // WebSocket 连接管理
▎ class ConnectionManager {
▎   private connections = new Map();
▎ }"
`;

exports[`markdown render · 代码/引用/标题/内联 > 中英文混排对齐 1`] = `"实现 OAuth2.0 第三方登录, 支持 Google / GitHub / 微信扫码 WebSocket 长连接。"`;

exports[`markdown render · 代码/引用/标题/内联 > 内联: 粗体/斜体/行内码/链接 1`] = `"这是 粗体 和 斜体 和 行内码, 还有 链接 (https://example.com)。"`;

exports[`markdown render · 代码/引用/标题/内联 > 引用块 1`] = `"│ 核心原则: 先行动, 后解释。代码胜千言。"`;

exports[`markdown render · 代码/引用/标题/内联 > 标题 h1-h3 1`] = `
"一级标题

二级标题

三级标题"
`;

exports[`markdown render · 列表 & emoji 间距 > 嵌套无序列表 (•/◦/▪ 按深度) 1`] = `
"• 顶层项
  ◦ 二层项
      ▪ 三层项
• 顶层项二"
`;

exports[`markdown render · 列表 & emoji 间距 > 有序列表 + 长内容换行对齐 1`] = `
"1. 有序长内容第一项, 主要用于检查在序号后面的缩进对齐是否正常, 当内容跨行时第二行的起始位置。
2. 有序长内容第二项, 再塞一点内容让它在终端里自然换行。"
`;

exports[`markdown render · 列表 & emoji 间距 > 行首 emoji 后补空格 (✅长 → ✅ 长) 1`] = `
"• ✅ 长表格渲染正常
• ✅ 代码高亮正常
• 引用块缩进正常
• 普通项无emoji不动"
`;

exports[`markdown render · 流式半成品 (不能画破方框) > 未闭合代码块 (流式) → 不崩, 原样渲染 1`] = `
"ts
▎ const x = 1;
▎ function foo() {"
`;

exports[`markdown render · 流式半成品 (不能画破方框) > 表格写到一半 (无分隔行) → 按原文裸竖线, 不画框 1`] = `
"| 序号 | 名称 | 状态
| 1 | 用户登录"
`;

exports[`markdown render · 流式半成品 (不能画破方框) > 表格完整但仍在流式 → 也按原文 (等写完再画框) 1`] = `
"| A | B |
|---|---|
| 1 | 2 |"
`;

exports[`markdown render · 表格 > emoji 状态列 (✅🚧⌛) → 边框仍对齐 (string-width) 1`] = `
"┌──────┬──────────┬──────────┬────────┐
│ 序号 │ 名称     │ 状态     │ 优先级 │
├──────┼──────────┼──────────┼────────┤
│ 1    │ 用户登录 │ ✅已完成 │ P0     │
│ 2    │ 消息推送 │ 🚧进行中 │ P0     │
│ 3    │ 数据看板 │ ⌛待开始 │ P1     │
└──────┴──────────┴──────────┴────────┘"
`;

exports[`markdown render · 表格 > 列数不齐的畸形表 (marked 会补空格) 1`] = `
"┌──────────┬────────┬─────┐
│ A        │ B      │ C   │
├──────────┼────────┼─────┤
│ 只有两列 │ 缺一列 │     │
│ 1        │ 2      │ 3   │
└──────────┴────────┴─────┘"
`;

exports[`markdown render · 表格 > 同上宽表 + 窄终端 (80) → 收窄宽列, 格内折行 1`] = `
"┌──────────────┬───────────────────────────────────────────────────────────┐
│ 配置项       │ 值                                                        │
├──────────────┼───────────────────────────────────────────────────────────┤
│ DATABASE_URL │ postgresql://user:password@db.internal.example.com:5432/m │
│              │ yapp_production?sslmode=require                           │
└──────────────┴───────────────────────────────────────────────────────────┘"
`;

exports[`markdown render · 表格 > 多维对比表 (模型爱塞多值) → 够宽就画框, 内容照实 1`] = `
"┌──────────┬─────────────────┬───────────────────┬──────────────────┐
│ 维度     │ React           │ Vue               │ Svelte           │
├──────────┼─────────────────┼───────────────────┼──────────────────┤
│ 渲染机制 │ 虚拟 DOM + Diff │ 虚拟 DOM + 响应式 │ 编译时无虚拟 DOM │
│ 状态管理 │ Redux/Zustand   │ Pinia             │ 内置 store       │
└──────────┴─────────────────┴───────────────────┴──────────────────┘"
`;

exports[`markdown render · 表格 > 宽表含长 URL 单值 + 够宽终端 → 画方框 (不误降级) 1`] = `
"┌───────────────┬──────────────────────────────────────────────────────────────────────────────────────────┐
│ 配置项        │ 值                                                                                       │
├───────────────┼──────────────────────────────────────────────────────────────────────────────────────────┤
│ DATABASE_URL  │ postgresql://user:password@db.internal.example.com:5432/myapp_production?sslmode=require │
│ KAFKA_BROKERS │ broker1.example.com:9092,broker2.example.com:9092,broker3.example.com:9092               │
└───────────────┴──────────────────────────────────────────────────────────────────────────────────────────┘"
`;

exports[`markdown render · 表格 > 干净员工表 → 画方框对齐 1`] = `
"┌──────┬──────┬────────┬──────┐
│ ID   │ 姓名 │ 部门   │ 状态 │
├──────┼──────┼────────┼──────┤
│ 1001 │ 张三 │ 技术部 │ 在职 │
│ 1002 │ 李四 │ 产品部 │ 在职 │
│ 1003 │ 王五 │ 技术部 │ 离职 │
└──────┴──────┴────────┴──────┘"
`;
